/*===TOKENS===*/
VAR                      <var>
IDENTIFIER               <a>
'='                      <=>
IDENTIFIER               <find>
'('                      <(>
OPEN_STRING              <'>
DOUBLEHASH               <##>
CLOSE_STRING             <'>
','                      <,>
IDENTIFIER               <action>
')'                      <)>
';'                      <;>
/*===TREE===*/
(scriptBlock
  (element
    (statement
      (localAssignmentExpression
        var
        (multipartIdentifier (identifier a))
        =
        (startExpression
          (compareExpression
            (baseExpression
              (unaryExpression
                (memberExpression
                  (functionCall
                    (identifier find)
                    (
                    (argumentList
                      (argument
                        (startExpression
                          (compareExpression
                            (baseExpression
                              (unaryExpression
                                (primaryExpression
                                  (literalExpression (stringLiteral ' (stringLiteralPart ##) '))
                                )
                              )
                            )
                          )
                        )
                      )
                      ,
                      (argument
                        (startExpression
                          (compareExpression
                            (baseExpression (unaryExpression (memberExpression (identifier action))))
                          )
                        )
                      )
                    )
                    )
                  )
                )
              )
            )
          )
        )
      )
      ;
    )
  )
)
/*======*/
/*===DECOMPILE===*/
var a = find('', action)
/*======*/