/*===TOKENS===*/
CFHTTP                   <cfhttp>
'('                      <(>
IDENTIFIER               <url>
'='                      <=>
OPEN_STRING              <">
STRING_LITERAL           <www.google.com>
CLOSE_STRING             <">
','                      <,>
IDENTIFIER               <method>
'='                      <=>
OPEN_STRING              <">
STRING_LITERAL           <GET>
CLOSE_STRING             <">
')'                      <)>
';'                      <;>
CFHTTP                   <Cfhttp>
'('                      <(>
IDENTIFIER               <URL>
'='                      <=>
OPEN_STRING              <">
STRING_LITERAL           <http://>
'#'                      <#>
IDENTIFIER               <CGI>
'.'                      <.>
IDENTIFIER               <SERVER_NAME>
'#'                      <#>
STRING_LITERAL           <.../target.cfm>
CLOSE_STRING             <">
','                      <,>
IDENTIFIER               <method>
'='                      <=>
OPEN_STRING              <">
STRING_LITERAL           <GET>
CLOSE_STRING             <">
')'                      <)>
'{'                      <{>
CFHTTPPARAM              <cfhttpparam>
'('                      <(>
IDENTIFIER               <type>
'='                      <=>
OPEN_STRING              <">
STRING_LITERAL           <url>
CLOSE_STRING             <">
','                      <,>
IDENTIFIER               <name>
'='                      <=>
OPEN_STRING              <'>
STRING_LITERAL           <emp_name>
CLOSE_STRING             <'>
','                      <,>
IDENTIFIER               <value>
'='                      <=>
OPEN_STRING              <">
STRING_LITERAL           <Awdhesh>
CLOSE_STRING             <">
')'                      <)>
';'                      <;>
CFHTTPPARAM              <cfhttpparam>
'('                      <(>
IDENTIFIER               <type>
'='                      <=>
OPEN_STRING              <">
STRING_LITERAL           <header>
CLOSE_STRING             <">
','                      <,>
IDENTIFIER               <name>
'='                      <=>
OPEN_STRING              <'>
STRING_LITERAL           <myheader>
CLOSE_STRING             <'>
','                      <,>
IDENTIFIER               <value>
'='                      <=>
OPEN_STRING              <">
STRING_LITERAL           <My custom header>
CLOSE_STRING             <">
')'                      <)>
';'                      <;>
'}'                      <}>
IDENTIFIER               <Writeoutput>
'('                      <(>
CFHTTP                   <cfhttp>
'.'                      <.>
IDENTIFIER               <filecontent>
')'                      <)>
';'                      <;>
/*===TREE===*/
(scriptBlock
  (element
    (statement
      (tagOperatorStatement
        (tagFunctionStatement
          (cfmlFunction cfhttp)
          (
          (parameterList
            (parameter
              (identifier url)
              =
              (startExpression
                (compareExpression
                  (baseExpression
                    (unaryExpression
                      (primaryExpression
                        (literalExpression (stringLiteral " (stringLiteralPart www.google.com) "))
                      )
                    )
                  )
                )
              )
            )
            ,
            (parameter
              (identifier method)
              =
              (startExpression
                (compareExpression
                  (baseExpression
                    (unaryExpression
                      (primaryExpression
                        (literalExpression (stringLiteral " (stringLiteralPart GET) "))
                      )
                    )
                  )
                )
              )
            )
          )
          )
          ;
        )
      )
    )
  )
  (element
    (statement
      (tagOperatorStatement
        (tagFunctionStatement
          (cfmlFunction Cfhttp)
          (
          (parameterList
            (parameter
              (identifier URL)
              =
              (startExpression
                (compareExpression
                  (baseExpression
                    (unaryExpression
                      (primaryExpression
                        (literalExpression
                          (stringLiteral
                            "
                            (stringLiteralPart http://)
                            #
                            (startExpression
                              (compareExpression
                                (baseExpression
                                  (unaryExpression
                                    (memberExpression (identifier CGI) . (identifier SERVER_NAME))
                                  )
                                )
                              )
                            )
                            #
                            (stringLiteralPart .../target.cfm)
                            "
                          )
                        )
                      )
                    )
                  )
                )
              )
            )
            ,
            (parameter
              (identifier method)
              =
              (startExpression
                (compareExpression
                  (baseExpression
                    (unaryExpression
                      (primaryExpression
                        (literalExpression (stringLiteral " (stringLiteralPart GET) "))
                      )
                    )
                  )
                )
              )
            )
          )
          )
          (compoundStatement
            {
            (statement
              (tagOperatorStatement
                (tagFunctionStatement
                  (cfmlFunction cfhttpparam)
                  (
                  (parameterList
                    (parameter
                      (identifier type)
                      =
                      (startExpression
                        (compareExpression
                          (baseExpression
                            (unaryExpression
                              (primaryExpression
                                (literalExpression (stringLiteral " (stringLiteralPart url) "))
                              )
                            )
                          )
                        )
                      )
                    )
                    ,
                    (parameter
                      (identifier name)
                      =
                      (startExpression
                        (compareExpression
                          (baseExpression
                            (unaryExpression
                              (primaryExpression
                                (literalExpression (stringLiteral ' (stringLiteralPart emp_name) '))
                              )
                            )
                          )
                        )
                      )
                    )
                    ,
                    (parameter
                      (identifier value)
                      =
                      (startExpression
                        (compareExpression
                          (baseExpression
                            (unaryExpression
                              (primaryExpression
                                (literalExpression (stringLiteral " (stringLiteralPart Awdhesh) "))
                              )
                            )
                          )
                        )
                      )
                    )
                  )
                  )
                  ;
                )
              )
            )
            (statement
              (tagOperatorStatement
                (tagFunctionStatement
                  (cfmlFunction cfhttpparam)
                  (
                  (parameterList
                    (parameter
                      (identifier type)
                      =
                      (startExpression
                        (compareExpression
                          (baseExpression
                            (unaryExpression
                              (primaryExpression
                                (literalExpression (stringLiteral " (stringLiteralPart header) "))
                              )
                            )
                          )
                        )
                      )
                    )
                    ,
                    (parameter
                      (identifier name)
                      =
                      (startExpression
                        (compareExpression
                          (baseExpression
                            (unaryExpression
                              (primaryExpression
                                (literalExpression (stringLiteral ' (stringLiteralPart myheader) '))
                              )
                            )
                          )
                        )
                      )
                    )
                    ,
                    (parameter
                      (identifier value)
                      =
                      (startExpression
                        (compareExpression
                          (baseExpression
                            (unaryExpression
                              (primaryExpression
                                (literalExpression (stringLiteral " (stringLiteralPart My custom header) "))
                              )
                            )
                          )
                        )
                      )
                    )
                  )
                  )
                  ;
                )
              )
            )
            }
          )
        )
      )
    )
  )
  (element
    (statement
      (startExpression
        (compareExpression
          (baseExpression
            (unaryExpression
              (memberExpression
                (functionCall
                  (identifier Writeoutput)
                  (
                  (argumentList
                    (argument
                      (startExpression
                        (compareExpression
                          (baseExpression
                            (unaryExpression
                              (memberExpression
                                (identifier (cfmlFunction cfhttp))
                                .
                                (identifier filecontent)
                              )
                            )
                          )
                        )
                      )
                    )
                  )
                  )
                )
              )
            )
          )
        )
      )
      ;
    )
  )
)
/*======*/
/*===DECOMPILE===*/
{
cfhttp(url = 'www.google.com', method = 'GET');
Cfhttp(URL = 'http://#CGI.SERVER_NAME#.../target.cfm', method = 'GET');
Writeoutput(cfhttp.filecontent);

}
/*======*/