/*===TOKENS===*/
IDENTIFIER               <x>
'='                      <=>
'{'                      <{>
IDENTIFIER               <name>
':'                      <:>
IDENTIFIER               <rc>
'.'                      <.>
IDENTIFIER               <ticket>
'.'                      <.>
IDENTIFIER               <getShortId>
'('                      <(>
')'                      <)>
','                      <,>
IDENTIFIER               <action>
':'                      <:>
OPEN_STRING              <'>
STRING_LITERAL           <support:tickets/view/id/>
CLOSE_STRING             <'>
'&'                      <&>
IDENTIFIER               <rc>
'.'                      <.>
IDENTIFIER               <ticket>
'.'                      <.>
IDENTIFIER               <getShortId>
'('                      <(>
')'                      <)>
'}'                      <}>
';'                      <;>
/*===TREE===*/
(scriptBlock
  (element
    (statement
      (assignmentExpression
        (startExpression
          (compareExpression
            (baseExpression (unaryExpression (memberExpression (identifier x))))
          )
        )
        =
        (startExpression
          (compareExpression
            (baseExpression
              (unaryExpression
                (primaryExpression
                  (implicitStruct
                    {
                    (implicitStructElements
                      (implicitStructExpression
                        (implicitStructKeyExpression (multipartIdentifier (identifier name)))
                        :
                        (compareExpression
                          (baseExpression
                            (unaryExpression
                              (memberExpression
                                (identifier rc)
                                .
                                (identifier ticket)
                                .
                                (functionCall (identifier getShortId) ( argumentList ))
                              )
                            )
                          )
                        )
                      )
                      ,
                      (implicitStructExpression
                        (implicitStructKeyExpression (multipartIdentifier (identifier action)))
                        :
                        (compareExpression
                          (baseExpression
                            (concatenationExpression
                              (unaryExpression
                                (primaryExpression
                                  (literalExpression
                                    (stringLiteral ' (stringLiteralPart support:tickets/view/id/) ')
                                  )
                                )
                              )
                              &
                              (baseOrTernaryExpression
                                (compareExpression
                                  (baseExpression
                                    (unaryExpression
                                      (memberExpression
                                        (identifier rc)
                                        .
                                        (identifier ticket)
                                        .
                                        (functionCall (identifier getShortId) ( argumentList ))
                                      )
                                    )
                                  )
                                )
                              )
                            )
                          )
                        )
                      )
                    )
                    }
                  )
                )
              )
            )
          )
        )
      )
      ;
    )
  )
)
/*======*/
/*===DECOMPILE===*/
x = {name:rc.ticket.getShortId(),action:'support:tickets/view/id/' & rc.ticket.getShortId()}
/*======*/