/*===TOKENS===*/
IDENTIFIER               <foo>
'.'                      <.>
IDENTIFIER               <bar>
'('                      <(>
OPEN_STRING              <">
STRING_LITERAL           <argNameOne>
CLOSE_STRING             <">
'='                      <=>
IDENTIFIER               <argValueOne>
','                      <,>
OPEN_STRING              <">
STRING_LITERAL           <argNameTwo>
CLOSE_STRING             <">
'='                      <=>
IDENTIFIER               <argValueTwo>
')'                      <)>
';'                      <;>
/*===TREE===*/
(scriptBlock
  (element
    (statement
      (startExpression
        (compareExpression
          (baseExpression
            (unaryExpression
              (memberExpression
                (identifier foo)
                .
                (functionCall
                  (identifierOrReservedWord (identifier bar))
                  (
                  (argumentList
                    (argument
                      (argumentName (stringLiteral " (stringLiteralPart argNameOne) "))
                      =
                      (startExpression
                        (compareExpression
                          (baseExpression (unaryExpression (memberExpression (identifier argValueOne))))
                        )
                      )
                    )
                    ,
                    (argument
                      (argumentName (stringLiteral " (stringLiteralPart argNameTwo) "))
                      =
                      (startExpression
                        (compareExpression
                          (baseExpression (unaryExpression (memberExpression (identifier argValueTwo))))
                        )
                      )
                    )
                  )
                  )
                )
              )
            )
          )
        )
      )
      ;
    )
  )
)
/*======*/
/*===DECOMPILE===*/
foo.bar('argNameOne' = argValueOne, 'argNameTwo' = argValueTwo)
/*======*/